
atad_IMPORTS_start
I_ata_get_devinfo
I_ata_device_sector_io
I_ata_device_sce_sec_unlock
I_ata_device_idle
I_ata_device_sce_identify_drive
I_ata_device_smart_get_status
I_ata_device_smart_save_attr
I_ata_device_flush_cache
I_ata_device_is_48bit
I_ata_device_set_transfer_mode
I_ata_device_idle_immediate
atad_IMPORTS_end

cdvdman_IMPORTS_start
I_sceCdReadClock
I_sceCdRI
cdvdman_IMPORTS_end

dev9_IMPORTS_start
I_dev9Shutdown
dev9_IMPORTS_end

intrman_IMPORTS_start
I_CpuSuspendIntr
I_CpuResumeIntr
intrman_IMPORTS_end

iomanX_IMPORTS_start
I_AddDrv
I_DelDrv
iomanX_IMPORTS_end

poweroff_IMPORTS_start
I_AddPowerOffHandler
poweroff_IMPORTS_end

stdio_IMPORTS_start
I_printf
stdio_IMPORTS_end

sysclib_IMPORTS_start
I_memcmp
I_memcpy
I_memset
I_strchr
I_strcmp
I_strcpy
I_strlen
I_strncmp
I_strncpy
I_strrchr
I_strtol
sysclib_IMPORTS_end

sysmem_IMPORTS_start
I_AllocSysMemory
I_FreeSysMemory
sysmem_IMPORTS_end

thsemap_IMPORTS_start
I_CreateSema
I_DeleteSema
I_SignalSema
I_WaitSema
thsemap_IMPORTS_end
