ioman_IMPORTS_start
I_AddDrv
I_DelDrv
ioman_IMPORTS_end

stdio_IMPORTS_start
I_printf
stdio_IMPORTS_end

dmacman_IMPORTS_start
I_dmac_get_dpcr2
I_dmac_set_dpcr2
dmacman_IMPORTS_end

intrman_IMPORTS_start
I_CpuSuspendIntr
I_CpuResumeIntr
I_QueryIntrContext
I_EnableIntr
I_RegisterIntrHandler
intrman_IMPORTS_end

sysmem_IMPORTS_start
I_Kprintf
I_AllocSysMemory
sysmem_IMPORTS_end

loadcore_IMPORTS_start
I_FlushDcache
I_FlushIcache
I_RegisterLibraryEntries
I_GetLoadcoreInternalData
I_QueryBootMode
loadcore_IMPORTS_end

sysclib_IMPORTS_start
I_strcpy
I_strlen
I_strncmp
I_strchr
I_strrchr
I_strstr
I_strncpy
I_sprintf
I_memcpy
sysclib_IMPORTS_end

thsemap_IMPORTS_start
I_CreateSema
I_SignalSema
I_iSignalSema
I_WaitSema
I_DeleteSema
I_PollSema
thsemap_IMPORTS_end

thbase_IMPORTS_start
I_CreateThread
I_StartThread
I_DelayThread
I_SetAlarm
I_iSetAlarm
I_CancelAlarm
I_USec2SysClock
I_SleepThread
I_iWakeupThread
thbase_IMPORTS_end

thevent_IMPORTS_start
I_CreateEventFlag
I_ClearEventFlag
I_iClearEventFlag
I_SetEventFlag
I_iSetEventFlag
I_WaitEventFlag
I_PollEventFlag
thevent_IMPORTS_end

sifman_IMPORTS_start
I_sceSifSetDma
I_sceSifDmaStat
sifman_IMPORTS_end
