loadcore_IMPORTS_start
I_RegisterLibraryEntries
I_ReleaseLibraryEntries
I_GetLoadcoreInternalData
I_QueryLibraryEntryTable
I_SetRebootTimeLibraryHandlingMode
loadcore_IMPORTS_end

stdio_IMPORTS_start
I_printf
stdio_IMPORTS_end

thsemap_IMPORTS_start
I_CreateSema
I_SignalSema
I_WaitSema
I_PollSema
I_DeleteSema
I_iSignalSema
thsemap_IMPORTS_end

thbase_IMPORTS_start
I_StartThread
I_CreateThread
I_DeleteThread
I_DelayThread
I_GetThreadId
I_SleepThread
I_WakeupThread
I_TerminateThread
I_SetAlarm
I_CancelAlarm
thbase_IMPORTS_end

intrman_IMPORTS_start
I_CpuSuspendIntr
I_CpuResumeIntr
intrman_IMPORTS_end

usbd_IMPORTS_start
I_sceUsbdScanStaticDescriptor
I_sceUsbdOpenPipe
I_sceUsbdClosePipe
I_sceUsbdOpenPipeAligned
I_sceUsbdSetPrivateData
I_sceUsbdTransferPipe
I_sceUsbdRegisterLdd
usbd_IMPORTS_end

sysclib_IMPORTS_start
I_strncmp
#ifndef USE_SMSUTILS
I_memset
I_memcpy
#endif
sysclib_IMPORTS_end

#ifdef USE_SMSUTILS
smsutils_IMPORTS_start
I_mips_memset
I_mips_memcpy
smsutils_IMPORTS_end
#endif

pademu_IMPORTS_start
I_pademu_connect
I_pademu_disconnect
pademu_IMPORTS_end

btstack_IMPORTS_start
I_btstack_register
I_btstack_unregister
I_btstack_hid_command
btstack_IMPORTS_end
