
cdvdman_IMPORTS_start
I_sceCdReadClock
cdvdman_IMPORTS_end

stdio_IMPORTS_start
I_printf
stdio_IMPORTS_end

loadcore_IMPORTS_start
I_FlushDcache
loadcore_IMPORTS_end

sysclib_IMPORTS_start
I_memset
I_memcmp
I_memcpy
I_strlen
I_strcmp
I_strcpy
I_strncpy
I_strncmp
I_strtol
I_strrchr
I_sprintf
sysclib_IMPORTS_end

thsemap_IMPORTS_start
I_CreateSema
I_SignalSema
I_iSignalSema
I_WaitSema
I_DeleteSema
thsemap_IMPORTS_end

thbase_IMPORTS_start
I_CreateThread 
I_StartThread 
I_SleepThread 
I_GetThreadId 
I_ExitDeleteThread
I_DelayThread 
I_GetSystemTime
I_SysClock2USec
thbase_IMPORTS_end

sysmem_IMPORTS_start
I_AllocSysMemory
I_FreeSysMemory
sysmem_IMPORTS_end

ioman_IMPORTS_start
I_AddDrv
I_DelDrv
I_open
I_close
I_read
I_write
I_lseek
ioman_IMPORTS_end


sifcmd_IMPORTS_start
I_sceSifInitRpc 
I_sceSifSetRpcQueue 
I_sceSifRegisterRpc 
I_sceSifRpcLoop
I_sceSifSendCmd
sifcmd_IMPORTS_end

usbd_IMPORTS_start
I_UsbGetDeviceStaticDescriptor
I_UsbOpenEndpoint
I_UsbOpenEndpointAligned
I_UsbCloseEndpoint
I_UsbSetDevicePrivateData
I_UsbTransfer
I_UsbRegisterDriver
usbd_IMPORTS_end

