//---------------------------------------------------------------------------
// File name:   imports.lst
// Description: Used to generate code for IRX function imports
//---------------------------------------------------------------------------

#ifdef SIO_DEBUG
sior_IMPORTS_start
I_sio_init
I_sio_printf
sior_IMPORTS_end
#endif

loadcore_IMPORTS_start
I_RegisterLibraryEntries
I_GetLibraryEntryTable
loadcore_IMPORTS_end

intrman_IMPORTS_start
I_CpuEnableIntr
intrman_IMPORTS_end

sysclib_IMPORTS_start
I_memcpy
I_memset
I_strcat
I_strcmp
I_strcpy
I_strlen
I_strncmp
I_strncpy
sysclib_IMPORTS_end

thbase_IMPORTS_start
I_DelayThread
thbase_IMPORTS_end

thsemap_IMPORTS_start
I_CreateSema
I_DeleteSema
I_SignalSema
I_WaitSema
thsemap_IMPORTS_end

timrman_IMPORTS_start
I_AllocHardTimer
I_ReferHardTimer
I_SetTimerMode
I_GetTimerCounter
timrman_IMPORTS_end

modload_IMPORTS_start
I_SetCheckKelfPathCallback
modload_IMPORTS_end

ioman_IMPORTS_start
I_AddDrv
I_DelDrv
ioman_IMPORTS_end

secrman_IMPORTS_start
I_SetMcCommandCallback
I_SetMcDevIDCallback
I_SecrAuthCard
secrman_IMPORTS_end

cdvdman_IMPORTS_start
I_sceCdRC
cdvdman_IMPORTS_end

stdio_IMPORTS_start
I_printf
stdio_IMPORTS_end

//---------------------------------------------------------------------------
// End of file: imports.lst
//---------------------------------------------------------------------------
