cdvdman_IMPORTS_start
I_sceCdInit
I_sceCdStandby
I_sceCdRead
I_sceCdSeek
I_sceCdGetError
I_sceCdGetToc
I_sceCdSearchFile
I_sceCdSync
I_sceCdGetDiskType
I_sceCdDiskReady
I_sceCdTrayReq
I_sceCdStop
I_sceCdReadClock
I_sceCdStatus
I_sceCdApplySCmd
I_sceCdPause
I_sceCdBreak
I_sceCdGetReadPos
I_sceGetFsvRbuf
I_sceCdSC
I_sceCdStInit
I_sceCdStRead
I_sceCdStSeek
I_sceCdStStart
I_sceCdStStat
I_sceCdStStop
I_sceCdStPause
I_sceCdStResume
I_sceCdPowerOff
I_sceCdMmode
I_sceCdStSeekF
I_sceCdReadDiskID
I_sceCdReadGUID
I_sceCdSetTimeout
I_sceCdReadModelID
I_sceCdReadDvdDualInfo
I_sceCdLayerSearchFile
cdvdman_IMPORTS_end

intrman_IMPORTS_start
I_CpuSuspendIntr
I_CpuResumeIntr
intrman_IMPORTS_end

loadcore_IMPORTS_start
I_RegisterLibraryEntries
loadcore_IMPORTS_end

sifcmd_IMPORTS_start
I_sceSifInitRpc
I_sceSifSetRpcQueue
I_sceSifRegisterRpc
I_sceSifRpcLoop
sifcmd_IMPORTS_end

sifman_IMPORTS_start
I_sceSifSetDma
I_sceSifDmaStat
sifman_IMPORTS_end

smsutils_IMPORTS_start
I_mips_memset
I_mips_memcpy
smsutils_IMPORTS_end

thbase_IMPORTS_start
I_CreateThread
I_StartThread
I_DelayThread
I_ExitDeleteThread
I_GetThreadId
I_ChangeThreadPriority
thbase_IMPORTS_end

thevent_IMPORTS_start
I_ClearEventFlag
I_WaitEventFlag
thevent_IMPORTS_end
