
#include "ioman_mod.h"

sifcmd_IMPORTS_start
I_sceSifInitRpc
I_sceSifSetRpcQueue
I_sceSifRegisterRpc
I_sceSifRpcLoop
sifcmd_IMPORTS_end

stdio_IMPORTS_start
I_printf
stdio_IMPORTS_end

thsemap_IMPORTS_start
I_CreateSema
I_SignalSema
I_WaitSema
I_PollSema
I_DeleteSema
thsemap_IMPORTS_end

thbase_IMPORTS_start
I_StartThread
I_CreateThread
I_DeleteThread
I_DelayThread
I_GetThreadId
thbase_IMPORTS_end

intrman_IMPORTS_start
I_CpuSuspendIntr
I_CpuResumeIntr
intrman_IMPORTS_end

sifman_IMPORTS_start
I_sceSifCheckInit
I_sceSifInit
I_sceSifSetDma
I_sceSifDmaStat
sifman_IMPORTS_end

usbd_IMPORTS_start
I_UsbGetDeviceStaticDescriptor
I_UsbOpenEndpoint
I_UsbCloseEndpoint
I_UsbOpenEndpointAligned
I_UsbSetDevicePrivateData
I_UsbTransfer
I_UsbRegisterDriver
usbd_IMPORTS_end

vblank_IMPORTS_start
I_WaitVblankStart
I_RegisterVblankHandler
vblank_IMPORTS_end

smsutils_IMPORTS_start
I_mips_memset
I_mips_memcpy
smsutils_IMPORTS_end

sysclib_IMPORTS_start
I_prnt
I_strncmp
I_strncpy
sysclib_IMPORTS_end

loadcore_IMPORTS_start
I_GetLoadcoreInternalData
I_QueryLibraryEntryTable
I_FlushIcache
I_FlushDcache
loadcore_IMPORTS_end
