//---------------------------------------------------------------------------
// File name:   imports.lst
// Description: Used to generate code for IRX function imports
//---------------------------------------------------------------------------
intrman_IMPORTS_start
I_CpuSuspendIntr
I_CpuResumeIntr
intrman_IMPORTS_end

loadcore_IMPORTS_start
I_GetLoadcoreInternalData
I_QueryLibraryEntryTable
I_FlushIcache
I_FlushDcache
I_ReleaseLibraryEntries
loadcore_IMPORTS_end

oplutils_IMPORTS_start
I_getModInfo
I_oplRegisterShutdownCallback
#ifdef BDM_DRIVER
I_bdm_readSector
I_bdm_writeSector
#endif
#ifdef HDD_DRIVER
I_ata_device_sector_io
#endif
#ifdef SMB_DRIVER
I_smb_OpenAndX
I_smb_ReadFile
I_smb_WriteFile
I_smb_Close
#endif
oplutils_IMPORTS_end

sifcmd_IMPORTS_start
I_sceSifCallRpc
I_sceSifGetOtherData
I_sceSifInitRpc
I_sceSifBindRpc
I_sceSifSendCmd
sifcmd_IMPORTS_end

sifman_IMPORTS_start
I_sceSifInit
I_sceSifSetDma
I_sceSifCheckInit
I_sceSifDmaStat
sifman_IMPORTS_end

smsutils_IMPORTS_start
I_mips_memset
I_mips_memcpy
smsutils_IMPORTS_end

stdio_IMPORTS_start
I_printf
stdio_IMPORTS_end

sysclib_IMPORTS_start
I_prnt
I_strcmp
sysclib_IMPORTS_end

sysmem_IMPORTS_start
I_AllocSysMemory
I_FreeSysMemory
sysmem_IMPORTS_end

thbase_IMPORTS_start
I_CreateThread
I_StartThread
I_DeleteThread
I_DelayThread
thbase_IMPORTS_end

dmacman_IMPORTS_start
I_dmac_request
I_dmac_transfer
dmacman_IMPORTS_end

//---------------------------------------------------------------------------
// End of file: imports.lst
//---------------------------------------------------------------------------
